2026-07-21 15:31:27,804 - INFO - signspeak_backend - Health check requested
2026-07-21 15:43:19,808 - INFO - signspeak_backend - Health check requested
2026-07-21 20:09:04,526 - INFO - signspeak_backend - Prediction request received
2026-07-21 20:59:16,116 - INFO - signspeak_backend - Health check requested
2026-07-22 20:32:49,004 - INFO - signspeak_backend - Health check requested
2026-07-26 21:07:29,547 - INFO - signspeak_backend.database - Database initialized at: D:\AI-Sign-Language-Translator\backend\signspeak.db
2026-07-26 21:07:29,548 - INFO - signspeak_backend - Database ready. Existing records: 0
2026-07-30 14:01:40,214 - INFO - signspeak_backend.database - Database initialized at: C:\Users\shwet\OneDrive\Desktop\ai sign language\backend\signspeak.db
2026-07-30 14:01:40,217 - INFO - signspeak_backend - Database ready. Existing records: 0
2026-08-01 19:49:57,686 - INFO - signspeak_backend.database - Database initialized at: C:\Users\shwet\OneDrive\Desktop\ai sign language\backend\signspeak.db
2026-08-01 19:49:57,688 - INFO - signspeak_backend - Database ready. Existing records: 0
2026-08-01 20:09:41,471 - INFO - signspeak_backend.database - Database initialized at: C:\Users\shwet\OneDrive\Desktop\ai sign language\backend\signspeak.db
2026-08-01 20:09:41,475 - INFO - signspeak_backend - Database ready. Existing records: 0
2026-08-01 20:10:47,354 - INFO - signspeak_backend.database - Database initialized at: C:\Users\shwet\OneDrive\Desktop\ai sign language\backend\signspeak.db
2026-08-01 20:10:47,359 - INFO - signspeak_backend - Database ready. Existing records: 0
2026-08-01 20:10:51,460 - INFO - signspeak_backend.database - Database initialized at: C:\Users\shwet\OneDrive\Desktop\ai sign language\backend\signspeak.db
2026-08-01 20:10:51,464 - INFO - signspeak_backend - Database ready. Existing records: 0
2026-08-01 20:10:59,826 - INFO - signspeak_backend.database - Database initialized at: C:\Users\shwet\OneDrive\Desktop\ai sign language\backend\signspeak.db
2026-08-01 20:10:59,829 - INFO - signspeak_backend - Database ready. Existing records: 0
2026-08-01 20:11:03,731 - INFO - signspeak_backend.database - Database initialized at: C:\Users\shwet\OneDrive\Desktop\ai sign language\backend\signspeak.db
2026-08-01 20:11:03,739 - INFO - signspeak_backend - Database ready. Existing records: 0
2026-08-01 20:11:20,362 - INFO - signspeak_backend.database - Database initialized at: C:\Users\shwet\OneDrive\Desktop\ai sign language\backend\signspeak.db
2026-08-01 20:11:20,364 - INFO - signspeak_backend - Database ready. Existing records: 0
2026-08-01 20:11:24,129 - INFO - signspeak_backend.database - Database initialized at: C:\Users\shwet\OneDrive\Desktop\ai sign language\backend\signspeak.db
2026-08-01 20:11:24,131 - INFO - signspeak_backend - Database ready. Existing records: 0
2026-08-01 20:11:29,023 - INFO - signspeak_backend.database - Database initialized at: C:\Users\shwet\OneDrive\Desktop\ai sign language\backend\signspeak.db
2026-08-01 20:11:29,024 - INFO - signspeak_backend - Database ready. Existing records: 0
2026-08-01 20:13:36,249 - INFO - signspeak_backend - Health check requested
2026-08-01 20:13:50,124 - INFO - signspeak_backend.database - Database initialized at: C:\Users\shwet\OneDrive\Desktop\ai sign language\backend\signspeak.db
2026-08-01 20:13:50,131 - INFO - signspeak_backend - Database ready. Existing records: 0
2026-08-01 20:24:27,120 - INFO - signspeak_backend - Health check requested
2026-08-01 20:34:39,989 - INFO - signspeak_backend - Health check requested
2026-08-01 20:34:59,477 - INFO - signspeak_backend.database - Database initialized at: C:\Users\shwet\OneDrive\Desktop\ai sign language\backend\signspeak.db
2026-08-01 20:34:59,481 - INFO - signspeak_backend - Database ready. Existing records: 0
2026-08-01 20:38:16,783 - INFO - signspeak_backend.database - Database initialized at: C:\Users\shwet\OneDrive\Desktop\ai sign language\backend\signspeak.db
2026-08-01 20:38:16,785 - INFO - signspeak_backend - Database ready. Existing records: 0
2026-08-01 20:39:27,065 - INFO - signspeak_backend.database - Database initialized at: C:\Users\shwet\OneDrive\Desktop\ai sign language\backend\signspeak.db
2026-08-01 20:39:27,073 - INFO - signspeak_backend - Database ready. Existing records: 0
2026-08-01 20:39:42,301 - INFO - signspeak_backend.database - Database initialized at: C:\Users\shwet\OneDrive\Desktop\ai sign language\backend\signspeak.db
2026-08-01 20:39:42,307 - INFO - signspeak_backend - Database ready. Existing records: 0
2026-08-01 20:40:39,703 - INFO - signspeak_backend.database - Database initialized at: C:\Users\shwet\OneDrive\Desktop\ai sign language\backend\signspeak.db
2026-08-01 20:40:39,706 - INFO - signspeak_backend - Database ready. Existing records: 0
2026-08-01 20:40:58,127 - INFO - signspeak_backend - Health check requested
